{call_begin,2,action}.
{action_def_body,2}.
{atom,3,ok}.
{def_end,3}.
{call_begin,5,testing}.
{variable,5,'Var1'}.
{variable,5,'Var2'}.
{action_def_body,5}.
{atom,6,ok}.
{def_end,6}.
{call_begin,8,testing123}.
{variable,8,'Var1'}.
{variable,8,'Var2'}.
{action_def_body,8}.
{atom,9,ok}.
{def_end,9}.
{call_begin,11,read}.
{variable,11,'PostID'}.
{action_def_body,11}.
{map_begin,12}.
{atom,13,favorites}.
{assign,13}.
{list_begin,13}.
{affordance_begin,13,{users,read}}.
{variable,13,'Favorite'}.
{call_or_affordance_end,13}.
{comp_sep,13}.
{comp_sep,13}.
{variable,13,'Favorite'}.
{assign,13}.
{variable,13,'Favorites'}.
{list_end,13}.
{docstring,15,<<"\n    This is the length right here\n    ">>}.
{atom,18,count}.
{assign,18}.
{call_begin,18,length}.
{variable,18,'Favorites'}.
{call_or_affordance_end,18}.
{map_or_tuple_end,19}.
{def_end,19}.