{variable,2,'Users'}.
{assign,2}.
{integer,2,123}.
{variable,3,'Other'}.
{assign,3}.
{atom,3,test}.