{call_begin,1,call}.
{call_or_affordance_end,1}.
{call_begin,3,{other_module,func}}.
{variable,3,'Var'}.
{variable,3,'Var2'}.
{call_or_affordance_end,3}.
{call_begin,5,whitespace}.
{variable,5,'Var'}.
{variable,5,'Var2'}.
{variable,5,'Var3'}.
{call_or_affordance_end,5}.
{affordance_begin,7,{resource,call}}.
{variable,7,'Other'}.
{call_or_affordance_end,7}.
{affordance_begin,9,local_call}.
{variable,9,'Test'}.
{call_or_affordance_end,9}.