{docstring,3,<<"\n">>}.
{docstring,6,<<"\ntesting 123\n">>}.
{docstring,10,<<10,226,152,131,32,117,110,105,99,111,100,101,33,10>>}.