{float,1,1231.1230131}.
{float,3,8.123}.
{float,5,0.123}.