{integer,1,12}.
{integer,3,123124124123109789879}.
{integer,5,9123097123}.