{map_begin,1}.
{atom,2,key}.
{assign,2}.
{list_begin,2}.
{list_end,2}.
{atom,4,other_key}.
{assign,4}.
{integer,4,123}.
{atom,6,other}.
{assign,6}.
{atom,6,atom123}.
{map_or_tuple_end,7}.
{map_begin,9}.
{map_or_tuple_end,9}.
{map_begin,11}.
{atom,12,nested}.
{assign,12}.
{map_begin,12}.
{atom,13,key}.
{assign,13}.
{map_begin,13}.
{integer,14,123}.
{assign,14}.
{map_begin,14}.
{map_or_tuple_end,16}.
{map_or_tuple_end,17}.
{map_or_tuple_end,18}.
{map_or_tuple_end,19}.