{def_begin,1,resource_test,resource}.
{def_begin,3,another_resource,resource}.